../Core/Src/main.c:79:6:pdm2pcm	24	static
../Core/Src/main.c:100:5:main	192232	static
../Core/Src/main.c:186:6:SystemClock_Config	88	static
../Core/Src/main.c:237:13:MX_DAC_Init	16	static
../Core/Src/main.c:277:13:MX_SAI1_Init	8	static
../Core/Src/main.c:323:13:MX_TIM2_Init	32	static
../Core/Src/main.c:366:13:MX_DMA_Init	16	static
../Core/Src/main.c:388:13:MX_GPIO_Init	40	static
../Core/Src/main.c:409:6:HAL_SAI_RxCpltCallback	16	static
../Core/Src/main.c:413:6:HAL_SAI_RxHalfCpltCallback	16	static
../Core/Src/main.c:422:6:Error_Handler	4	static,ignoring_inline_asm
